e:\engine source\ditto\ditto\x64\debug\vc143.pdb
e:\engine source\ditto\ditto\x64\debug\vc143.idb
e:\engine source\ditto\ditto\x64\debug\glad.obj
e:\engine source\ditto\ditto\x64\debug\glm.cppm.ifc
e:\engine source\ditto\ditto\x64\debug\glm.cppm.ifc.d.json
e:\engine source\ditto\ditto\x64\debug\glm.cppm.obj
e:\engine source\ditto\ditto\x64\debug\resource.obj
e:\engine source\ditto\ditto\x64\debug\physics.obj
e:\engine source\ditto\ditto\x64\debug\collisionshape.obj
e:\engine source\ditto\ditto\x64\debug\main.obj
e:\engine source\ditto\ditto\x64\debug\shader.obj
e:\engine source\ditto\ditto\x64\debug\camera.obj
e:\engine source\ditto\ditto\x64\debug\scene.obj
e:\engine source\ditto\ditto\x64\debug\gameobject.obj
e:\engine source\ditto\ditto\x64\debug\engine.obj
e:\engine source\ditto\ditto\x64\debug\editor.obj
e:\engine source\ditto\ditto\x64\debug\imgui_widgets.obj
e:\engine source\ditto\ditto\x64\debug\imgui_tables.obj
e:\engine source\ditto\ditto\x64\debug\imgui_impl_win32.obj
e:\engine source\ditto\ditto\x64\debug\imgui_impl_opengl3.obj
e:\engine source\ditto\ditto\x64\debug\imgui_impl_glfw.obj
e:\engine source\ditto\ditto\x64\debug\imgui_draw.obj
e:\engine source\ditto\ditto\x64\debug\imgui_demo.obj
e:\engine source\ditto\ditto\x64\debug\imgui.obj
e:\engine source\ditto\ditto\x64\debug\glm.obj
e:\engine source\ditto\ditto\x64\debug\gjk.obj
e:\engine source\ditto\ditto\x64\debug\glm.cppm.module.json
e:\engine source\ditto\ditto\x64\debug\ditto.ilk
e:\engine source\ditto\ditto\x64\debug\collisionshape.obj.enc
e:\engine source\ditto\x64\debug\ditto.pdb
e:\engine source\ditto\ditto\x64\debug\ditto.tlog\cl.command.1.tlog
e:\engine source\ditto\ditto\x64\debug\ditto.tlog\cl.items.tlog
e:\engine source\ditto\ditto\x64\debug\ditto.tlog\cl.read.1.tlog
e:\engine source\ditto\ditto\x64\debug\ditto.tlog\cl.write.1.tlog
e:\engine source\ditto\ditto\x64\debug\ditto.tlog\link-cvtres.read.1.tlog
e:\engine source\ditto\ditto\x64\debug\ditto.tlog\link-cvtres.write.1.tlog
e:\engine source\ditto\ditto\x64\debug\ditto.tlog\link-rc.read.1.tlog
e:\engine source\ditto\ditto\x64\debug\ditto.tlog\link-rc.write.1.tlog
e:\engine source\ditto\ditto\x64\debug\ditto.tlog\link.33584-cvtres.read.1.tlog
e:\engine source\ditto\ditto\x64\debug\ditto.tlog\link.33584-cvtres.write.1.tlog
e:\engine source\ditto\ditto\x64\debug\ditto.tlog\link.33584-rc.read.1.tlog
e:\engine source\ditto\ditto\x64\debug\ditto.tlog\link.33584-rc.write.1.tlog
e:\engine source\ditto\ditto\x64\debug\ditto.tlog\link.33584.read.1.tlog
e:\engine source\ditto\ditto\x64\debug\ditto.tlog\link.33584.read.2.tlog
e:\engine source\ditto\ditto\x64\debug\ditto.tlog\link.33584.read.3.tlog
e:\engine source\ditto\ditto\x64\debug\ditto.tlog\link.33584.read.4.tlog
e:\engine source\ditto\ditto\x64\debug\ditto.tlog\link.33584.read.5.tlog
e:\engine source\ditto\ditto\x64\debug\ditto.tlog\link.33584.read.6.tlog
e:\engine source\ditto\ditto\x64\debug\ditto.tlog\link.33584.write.1.tlog
e:\engine source\ditto\ditto\x64\debug\ditto.tlog\link.command.1.tlog
e:\engine source\ditto\ditto\x64\debug\ditto.tlog\link.read.1.tlog
e:\engine source\ditto\ditto\x64\debug\ditto.tlog\link.read.2.tlog
e:\engine source\ditto\ditto\x64\debug\ditto.tlog\link.read.3.tlog
e:\engine source\ditto\ditto\x64\debug\ditto.tlog\link.read.4.tlog
e:\engine source\ditto\ditto\x64\debug\ditto.tlog\link.read.5.tlog
e:\engine source\ditto\ditto\x64\debug\ditto.tlog\link.read.6.tlog
e:\engine source\ditto\ditto\x64\debug\ditto.tlog\link.secondary.1.tlog
e:\engine source\ditto\ditto\x64\debug\ditto.tlog\link.write.1.tlog
e:\engine source\ditto\ditto\x64\debug\ditto_md.tlog\cl.command.1.tlog
e:\engine source\ditto\ditto\x64\debug\ditto_md.tlog\microsoft.build.cpptasks.cl.read.1.tlog
e:\engine source\ditto\ditto\x64\debug\ditto_md.tlog\microsoft.build.cpptasks.cl.write.1.tlog
