e:\engine source\ditto\ditto\x64\release\vc143.pdb
e:\engine source\ditto\ditto\x64\release\parallelphysics.obj
e:\engine source\ditto\ditto\x64\release\gjk.obj
e:\engine source\ditto\ditto\x64\release\collisionshape.obj
e:\engine source\ditto\ditto\x64\release\shader.obj
e:\engine source\ditto\ditto\x64\release\camera.obj
e:\engine source\ditto\ditto\x64\release\scene.obj
e:\engine source\ditto\ditto\x64\release\gameobject.obj
e:\engine source\ditto\ditto\x64\release\imgui_widgets.obj
e:\engine source\ditto\ditto\x64\release\imgui_tables.obj
e:\engine source\ditto\ditto\x64\release\imgui_impl_win32.obj
e:\engine source\ditto\ditto\x64\release\imgui_impl_opengl3.obj
e:\engine source\ditto\ditto\x64\release\imgui_impl_glfw.obj
e:\engine source\ditto\ditto\x64\release\imgui_draw.obj
e:\engine source\ditto\ditto\x64\release\imgui_demo.obj
e:\engine source\ditto\ditto\x64\release\imgui.obj
e:\engine source\ditto\ditto\x64\release\glm.obj
e:\engine source\ditto\ditto\x64\release\resource.obj
e:\engine source\ditto\ditto\x64\release\glad.obj
e:\engine source\ditto\ditto\x64\release\glm.cppm.ifc
e:\engine source\ditto\ditto\x64\release\glm.cppm.ifc.d.json
e:\engine source\ditto\ditto\x64\release\glm.cppm.obj
e:\engine source\ditto\ditto\x64\release\physics.obj
e:\engine source\ditto\ditto\x64\release\main.obj
e:\engine source\ditto\ditto\x64\release\engine.obj
e:\engine source\ditto\ditto\x64\release\editor.obj
e:\engine source\ditto\ditto\x64\release\parallelphysicsbarrier.obj
e:\engine source\ditto\ditto\x64\release\threadpool.obj
e:\engine source\ditto\x64\release\ditto.exe
e:\engine source\ditto\x64\release\ditto.pdb
e:\engine source\ditto\ditto\x64\release\ditto.res
e:\engine source\ditto\ditto\x64\release\glm.cppm.module.json
e:\engine source\ditto\ditto\x64\release\ditto.ipdb
e:\engine source\ditto\ditto\x64\release\ditto.iobj
e:\engine source\ditto\ditto\x64\release\ditto.tlog\cl.command.1.tlog
e:\engine source\ditto\ditto\x64\release\ditto.tlog\cl.items.tlog
e:\engine source\ditto\ditto\x64\release\ditto.tlog\cl.read.1.tlog
e:\engine source\ditto\ditto\x64\release\ditto.tlog\cl.write.1.tlog
e:\engine source\ditto\ditto\x64\release\ditto.tlog\link.command.1.tlog
e:\engine source\ditto\ditto\x64\release\ditto.tlog\link.read.1.tlog
e:\engine source\ditto\ditto\x64\release\ditto.tlog\link.secondary.1.tlog
e:\engine source\ditto\ditto\x64\release\ditto.tlog\link.write.1.tlog
e:\engine source\ditto\ditto\x64\release\ditto.tlog\rc.command.1.tlog
e:\engine source\ditto\ditto\x64\release\ditto.tlog\rc.read.1.tlog
e:\engine source\ditto\ditto\x64\release\ditto.tlog\rc.write.1.tlog
e:\engine source\ditto\ditto\x64\release\ditto_md.tlog\cl.command.1.tlog
e:\engine source\ditto\ditto\x64\release\ditto_md.tlog\microsoft.build.cpptasks.cl.read.1.tlog
e:\engine source\ditto\ditto\x64\release\ditto_md.tlog\microsoft.build.cpptasks.cl.write.1.tlog
