  正在扫描源以查找模块依赖项...
  Physics.cpp
E:\Engine Source\Ditto\Ditto\Engine\Core\Scene.h(12,7): warning C4099: “Resource”: 类型名称以前使用“struct”现在使用的是“class”
  (编译源文件“Engine/Physics/Physics.cpp”)
      E:\Engine Source\Ditto\Ditto\Engine\Resources\Resource.h(7,8):
      参见“Resource”的声明
  
E:\Engine Source\Ditto\Ditto\Engine\Graphics\Shader.h(5,8): warning C4099: “Shader”: 类型名称以前使用“class”现在使用的是“struct”
  (编译源文件“Engine/Physics/Physics.cpp”)
      E:\Engine Source\Ditto\Ditto\Engine\Graphics\Shader.h(5,8):
      参见“Shader”的声明
  
E:\Engine Source\Ditto\Ditto\Engine\Physics\Physics.cpp(62,15): warning C4244: “初始化”: 从“genType”转换到“int”，可能丢失数据
E:\Engine Source\Ditto\Ditto\Engine\Physics\Physics.cpp(62,15): warning C4244:         with
E:\Engine Source\Ditto\Ditto\Engine\Physics\Physics.cpp(62,15): warning C4244:         [
E:\Engine Source\Ditto\Ditto\Engine\Physics\Physics.cpp(62,15): warning C4244:             genType=float
E:\Engine Source\Ditto\Ditto\Engine\Physics\Physics.cpp(62,15): warning C4244:         ]
E:\Engine Source\Ditto\Ditto\Engine\Physics\Physics.cpp(246,13): warning C4305: “初始化”: 从“double”到“float”截断
  正在生成代码
  1 of 4131 functions (<0.1%) were compiled, the rest were copied from previous compilation.
    0 functions were new in current compilation
    63 functions had inline decision re-evaluated but remain unchanged
  已完成代码的生成
  Ditto.vcxproj -> E:\Engine Source\Ditto\x64\Release\Ditto.exe
