e:\engine source\ditto\ditto\ditto\x64\debug\vc143.pdb
e:\engine source\ditto\ditto\ditto\x64\debug\vc143.idb
c:\$recycle.bin\s-1-5-21-2537312770-3155731311-4191155002-1001\$i4wk2da
e:\engine source\ditto\ditto\ditto\x64\debug\glad.obj
c:\$recycle.bin\s-1-5-21-2537312770-3155731311-4191155002-1001\$imv7k0y
c:\$recycle.bin\s-1-5-21-2537312770-3155731311-4191155002-1001\$i44y11s
c:\$recycle.bin\s-1-5-21-2537312770-3155731311-4191155002-1001\$i4i6m4y
c:\$recycle.bin\s-1-5-21-2537312770-3155731311-4191155002-1001\$iwalv3d
c:\$recycle.bin\s-1-5-21-2537312770-3155731311-4191155002-1001\$il9ven1
c:\$recycle.bin\s-1-5-21-2537312770-3155731311-4191155002-1001\$ii6v9py
c:\$recycle.bin\s-1-5-21-2537312770-3155731311-4191155002-1001\$i2g7xgr
c:\$recycle.bin\s-1-5-21-2537312770-3155731311-4191155002-1001\$icx47h8
c:\$recycle.bin\s-1-5-21-2537312770-3155731311-4191155002-1001\$i4lhqpt
c:\$recycle.bin\s-1-5-21-2537312770-3155731311-4191155002-1001\$i21d4j4
c:\$recycle.bin\s-1-5-21-2537312770-3155731311-4191155002-1001\$i0z7siu
c:\$recycle.bin\s-1-5-21-2537312770-3155731311-4191155002-1001\$ig06sp9
c:\$recycle.bin\s-1-5-21-2537312770-3155731311-4191155002-1001\$ipbuh0b
c:\$recycle.bin\s-1-5-21-2537312770-3155731311-4191155002-1001\$ifxmflv
c:\$recycle.bin\s-1-5-21-2537312770-3155731311-4191155002-1001\$idqm020
c:\$recycle.bin\s-1-5-21-2537312770-3155731311-4191155002-1001\$iot19kg
c:\$recycle.bin\s-1-5-21-2537312770-3155731311-4191155002-1001\$ithmjon
c:\$recycle.bin\s-1-5-21-2537312770-3155731311-4191155002-1001\$iz2ey6y
c:\$recycle.bin\s-1-5-21-2537312770-3155731311-4191155002-1001\$ikjxrep
c:\$recycle.bin\s-1-5-21-2537312770-3155731311-4191155002-1001\$ik4jo94
c:\$recycle.bin\s-1-5-21-2537312770-3155731311-4191155002-1001\$ix4k7q4
c:\$recycle.bin\s-1-5-21-2537312770-3155731311-4191155002-1001\$i3vbna3
c:\$recycle.bin\s-1-5-21-2537312770-3155731311-4191155002-1001\$iigl0ag
c:\$recycle.bin\s-1-5-21-2537312770-3155731311-4191155002-1001\$iadjg8r
c:\$recycle.bin\s-1-5-21-2537312770-3155731311-4191155002-1001\$in02ch5
c:\$recycle.bin\s-1-5-21-2537312770-3155731311-4191155002-1001\$i4jal9n
c:\$recycle.bin\s-1-5-21-2537312770-3155731311-4191155002-1001\$iwuuep6
c:\$recycle.bin\s-1-5-21-2537312770-3155731311-4191155002-1001\$i4kvf84
c:\$recycle.bin\s-1-5-21-2537312770-3155731311-4191155002-1001\$iuigdwe
c:\$recycle.bin\s-1-5-21-2537312770-3155731311-4191155002-1001\$i4h8h8v
c:\$recycle.bin\s-1-5-21-2537312770-3155731311-4191155002-1001\$inrvz4b
e:\engine source\ditto\ditto\ditto\x64\debug\camera.obj
c:\$recycle.bin\s-1-5-21-2537312770-3155731311-4191155002-1001\$i8umglx
c:\$recycle.bin\s-1-5-21-2537312770-3155731311-4191155002-1001\$imaipc2
c:\$recycle.bin\s-1-5-21-2537312770-3155731311-4191155002-1001\$i2m34t5
c:\$recycle.bin\s-1-5-21-2537312770-3155731311-4191155002-1001\$i8cou58
c:\$recycle.bin\s-1-5-21-2537312770-3155731311-4191155002-1001\$i4k5o48
c:\$recycle.bin\s-1-5-21-2537312770-3155731311-4191155002-1001\$iuhmxzh
e:\engine source\ditto\ditto\ditto\x64\debug\scene.obj
c:\$recycle.bin\s-1-5-21-2537312770-3155731311-4191155002-1001\$ib5ciuy
c:\$recycle.bin\s-1-5-21-2537312770-3155731311-4191155002-1001\$ied2gru
c:\$recycle.bin\s-1-5-21-2537312770-3155731311-4191155002-1001\$i1ej9vj
c:\$recycle.bin\s-1-5-21-2537312770-3155731311-4191155002-1001\$iny6uog
c:\$recycle.bin\s-1-5-21-2537312770-3155731311-4191155002-1001\$it58jh7
c:\$recycle.bin\s-1-5-21-2537312770-3155731311-4191155002-1001\$iyu717d
e:\engine source\ditto\ditto\ditto\x64\debug\projectmanager.obj
c:\$recycle.bin\s-1-5-21-2537312770-3155731311-4191155002-1001\$iiw538p
c:\$recycle.bin\s-1-5-21-2537312770-3155731311-4191155002-1001\$i2jzpeb
c:\$recycle.bin\s-1-5-21-2537312770-3155731311-4191155002-1001\$igi17xw
c:\$recycle.bin\s-1-5-21-2537312770-3155731311-4191155002-1001\$i4f7wh7
c:\$recycle.bin\s-1-5-21-2537312770-3155731311-4191155002-1001\$i5qsfkm
c:\$recycle.bin\s-1-5-21-2537312770-3155731311-4191155002-1001\$ic77ex4
e:\engine source\ditto\ditto\ditto\x64\debug\gameobject.obj
c:\$recycle.bin\s-1-5-21-2537312770-3155731311-4191155002-1001\$immq0hm
c:\$recycle.bin\s-1-5-21-2537312770-3155731311-4191155002-1001\$iqcf74j
c:\$recycle.bin\s-1-5-21-2537312770-3155731311-4191155002-1001\$imkme9v
c:\$recycle.bin\s-1-5-21-2537312770-3155731311-4191155002-1001\$iaojv46
c:\$recycle.bin\s-1-5-21-2537312770-3155731311-4191155002-1001\$iz7ffwv
c:\$recycle.bin\s-1-5-21-2537312770-3155731311-4191155002-1001\$iaqep61
e:\engine source\ditto\ditto\ditto\x64\debug\engine.obj
c:\$recycle.bin\s-1-5-21-2537312770-3155731311-4191155002-1001\$ixc7fgv
c:\$recycle.bin\s-1-5-21-2537312770-3155731311-4191155002-1001\$il6i2pi
c:\$recycle.bin\s-1-5-21-2537312770-3155731311-4191155002-1001\$ihzc87r
c:\$recycle.bin\s-1-5-21-2537312770-3155731311-4191155002-1001\$ilp8b13
c:\$recycle.bin\s-1-5-21-2537312770-3155731311-4191155002-1001\$izlryak
c:\$recycle.bin\s-1-5-21-2537312770-3155731311-4191155002-1001\$ilimzso
e:\engine source\ditto\ditto\ditto\x64\debug\csharpscript.obj
c:\$recycle.bin\s-1-5-21-2537312770-3155731311-4191155002-1001\$i5uyvf9
c:\$recycle.bin\s-1-5-21-2537312770-3155731311-4191155002-1001\$ijli3nj
c:\$recycle.bin\s-1-5-21-2537312770-3155731311-4191155002-1001\$ice1lne
c:\$recycle.bin\s-1-5-21-2537312770-3155731311-4191155002-1001\$i8tvjhh
c:\$recycle.bin\s-1-5-21-2537312770-3155731311-4191155002-1001\$iaddqrx
c:\$recycle.bin\s-1-5-21-2537312770-3155731311-4191155002-1001\$i7cdlwu
e:\engine source\ditto\ditto\ditto\x64\debug\projectwindow.obj
c:\$recycle.bin\s-1-5-21-2537312770-3155731311-4191155002-1001\$ilbx66u
c:\$recycle.bin\s-1-5-21-2537312770-3155731311-4191155002-1001\$izzbefb
c:\$recycle.bin\s-1-5-21-2537312770-3155731311-4191155002-1001\$iq878n9
c:\$recycle.bin\s-1-5-21-2537312770-3155731311-4191155002-1001\$iwwgusd
c:\$recycle.bin\s-1-5-21-2537312770-3155731311-4191155002-1001\$iof0ykj
c:\$recycle.bin\s-1-5-21-2537312770-3155731311-4191155002-1001\$itfcmie
e:\engine source\ditto\ditto\ditto\x64\debug\layoutmanager.obj
c:\$recycle.bin\s-1-5-21-2537312770-3155731311-4191155002-1001\$ijeq56i
c:\$recycle.bin\s-1-5-21-2537312770-3155731311-4191155002-1001\$i7f7qp7
c:\$recycle.bin\s-1-5-21-2537312770-3155731311-4191155002-1001\$id9p564
c:\$recycle.bin\s-1-5-21-2537312770-3155731311-4191155002-1001\$i6fymua
c:\$recycle.bin\s-1-5-21-2537312770-3155731311-4191155002-1001\$i4u7j31
c:\$recycle.bin\s-1-5-21-2537312770-3155731311-4191155002-1001\$i5crgps
e:\engine source\ditto\ditto\ditto\x64\debug\scenewindow.obj
c:\$recycle.bin\s-1-5-21-2537312770-3155731311-4191155002-1001\$io9ch1l
c:\$recycle.bin\s-1-5-21-2537312770-3155731311-4191155002-1001\$ivv8x3j
c:\$recycle.bin\s-1-5-21-2537312770-3155731311-4191155002-1001\$ini3dxv
c:\$recycle.bin\s-1-5-21-2537312770-3155731311-4191155002-1001\$im8250p
c:\$recycle.bin\s-1-5-21-2537312770-3155731311-4191155002-1001\$io1ob1j
c:\$recycle.bin\s-1-5-21-2537312770-3155731311-4191155002-1001\$i0v21cw
e:\engine source\ditto\ditto\ditto\x64\debug\editor.obj
c:\$recycle.bin\s-1-5-21-2537312770-3155731311-4191155002-1001\$iusmbh2
c:\$recycle.bin\s-1-5-21-2537312770-3155731311-4191155002-1001\$ip1puhs
c:\$recycle.bin\s-1-5-21-2537312770-3155731311-4191155002-1001\$it7991s
c:\$recycle.bin\s-1-5-21-2537312770-3155731311-4191155002-1001\$iot3ad6
c:\$recycle.bin\s-1-5-21-2537312770-3155731311-4191155002-1001\$ia94kwz
c:\$recycle.bin\s-1-5-21-2537312770-3155731311-4191155002-1001\$ife60mn
e:\engine source\ditto\ditto\ditto\x64\debug\imgui_widgets.obj
c:\$recycle.bin\s-1-5-21-2537312770-3155731311-4191155002-1001\$iw1qia3
c:\$recycle.bin\s-1-5-21-2537312770-3155731311-4191155002-1001\$i8wrl68
c:\$recycle.bin\s-1-5-21-2537312770-3155731311-4191155002-1001\$isgwjay
c:\$recycle.bin\s-1-5-21-2537312770-3155731311-4191155002-1001\$ivbblat
c:\$recycle.bin\s-1-5-21-2537312770-3155731311-4191155002-1001\$in7aoga
c:\$recycle.bin\s-1-5-21-2537312770-3155731311-4191155002-1001\$irn5m5l
e:\engine source\ditto\ditto\ditto\x64\debug\imgui_tables.obj
c:\$recycle.bin\s-1-5-21-2537312770-3155731311-4191155002-1001\$il2fzwt
c:\$recycle.bin\s-1-5-21-2537312770-3155731311-4191155002-1001\$iafk86g
c:\$recycle.bin\s-1-5-21-2537312770-3155731311-4191155002-1001\$i7g5n01
c:\$recycle.bin\s-1-5-21-2537312770-3155731311-4191155002-1001\$ie9tcn9
c:\$recycle.bin\s-1-5-21-2537312770-3155731311-4191155002-1001\$id2yqpj
c:\$recycle.bin\s-1-5-21-2537312770-3155731311-4191155002-1001\$irm7n1k
e:\engine source\ditto\ditto\ditto\x64\debug\imgui_impl_win32.obj
c:\$recycle.bin\s-1-5-21-2537312770-3155731311-4191155002-1001\$i4vp5hr
c:\$recycle.bin\s-1-5-21-2537312770-3155731311-4191155002-1001\$idwygc3
c:\$recycle.bin\s-1-5-21-2537312770-3155731311-4191155002-1001\$i0znzch
c:\$recycle.bin\s-1-5-21-2537312770-3155731311-4191155002-1001\$ifisdus
c:\$recycle.bin\s-1-5-21-2537312770-3155731311-4191155002-1001\$iz49ht0
c:\$recycle.bin\s-1-5-21-2537312770-3155731311-4191155002-1001\$ik9hy10
e:\engine source\ditto\ditto\ditto\x64\debug\imgui_impl_opengl3.obj
c:\$recycle.bin\s-1-5-21-2537312770-3155731311-4191155002-1001\$i12ux0x
c:\$recycle.bin\s-1-5-21-2537312770-3155731311-4191155002-1001\$imhw5rv
c:\$recycle.bin\s-1-5-21-2537312770-3155731311-4191155002-1001\$idizksb
c:\$recycle.bin\s-1-5-21-2537312770-3155731311-4191155002-1001\$iefisz2
c:\$recycle.bin\s-1-5-21-2537312770-3155731311-4191155002-1001\$igk8jfj
c:\$recycle.bin\s-1-5-21-2537312770-3155731311-4191155002-1001\$ihxq1dt
e:\engine source\ditto\ditto\ditto\x64\debug\imgui_impl_glfw.obj
c:\$recycle.bin\s-1-5-21-2537312770-3155731311-4191155002-1001\$iexrbzq
c:\$recycle.bin\s-1-5-21-2537312770-3155731311-4191155002-1001\$its3th1
c:\$recycle.bin\s-1-5-21-2537312770-3155731311-4191155002-1001\$ijscey5
c:\$recycle.bin\s-1-5-21-2537312770-3155731311-4191155002-1001\$iu429e5
c:\$recycle.bin\s-1-5-21-2537312770-3155731311-4191155002-1001\$i6v3asi
c:\$recycle.bin\s-1-5-21-2537312770-3155731311-4191155002-1001\$ist005x
e:\engine source\ditto\ditto\ditto\x64\debug\imgui_draw.obj
c:\$recycle.bin\s-1-5-21-2537312770-3155731311-4191155002-1001\$i7y9shg
c:\$recycle.bin\s-1-5-21-2537312770-3155731311-4191155002-1001\$iwjufo7
c:\$recycle.bin\s-1-5-21-2537312770-3155731311-4191155002-1001\$i8l55vu
c:\$recycle.bin\s-1-5-21-2537312770-3155731311-4191155002-1001\$iuptwu4
c:\$recycle.bin\s-1-5-21-2537312770-3155731311-4191155002-1001\$iz3njcl
c:\$recycle.bin\s-1-5-21-2537312770-3155731311-4191155002-1001\$i9cuxi7
e:\engine source\ditto\ditto\ditto\x64\debug\imgui_demo.obj
c:\$recycle.bin\s-1-5-21-2537312770-3155731311-4191155002-1001\$id5wiwe
c:\$recycle.bin\s-1-5-21-2537312770-3155731311-4191155002-1001\$ib6arrd
c:\$recycle.bin\s-1-5-21-2537312770-3155731311-4191155002-1001\$iagdeli
c:\$recycle.bin\s-1-5-21-2537312770-3155731311-4191155002-1001\$id8y1vi
c:\$recycle.bin\s-1-5-21-2537312770-3155731311-4191155002-1001\$id7yrqw
c:\$recycle.bin\s-1-5-21-2537312770-3155731311-4191155002-1001\$ii3d5ry
e:\engine source\ditto\ditto\ditto\x64\debug\imgui.obj
c:\$recycle.bin\s-1-5-21-2537312770-3155731311-4191155002-1001\$idip9dl
c:\$recycle.bin\s-1-5-21-2537312770-3155731311-4191155002-1001\$idffzen
c:\$recycle.bin\s-1-5-21-2537312770-3155731311-4191155002-1001\$i5wbvh6
c:\$recycle.bin\s-1-5-21-2537312770-3155731311-4191155002-1001\$ik8le1k
c:\$recycle.bin\s-1-5-21-2537312770-3155731311-4191155002-1001\$iu0wkga
c:\$recycle.bin\s-1-5-21-2537312770-3155731311-4191155002-1001\$im1rp63
e:\engine source\ditto\ditto\ditto\x64\debug\glm.obj
c:\$recycle.bin\s-1-5-21-2537312770-3155731311-4191155002-1001\$i02e5dg
c:\$recycle.bin\s-1-5-21-2537312770-3155731311-4191155002-1001\$ip1mqpo
c:\$recycle.bin\s-1-5-21-2537312770-3155731311-4191155002-1001\$ih9zttu
c:\$recycle.bin\s-1-5-21-2537312770-3155731311-4191155002-1001\$i5xr90a
c:\$recycle.bin\s-1-5-21-2537312770-3155731311-4191155002-1001\$i5vtxm2
c:\$recycle.bin\s-1-5-21-2537312770-3155731311-4191155002-1001\$iuar5f1
c:\$recycle.bin\s-1-5-21-2537312770-3155731311-4191155002-1001\$id4z87d
c:\$recycle.bin\s-1-5-21-2537312770-3155731311-4191155002-1001\$iu082s4
c:\$recycle.bin\s-1-5-21-2537312770-3155731311-4191155002-1001\$ippkmgg
c:\$recycle.bin\s-1-5-21-2537312770-3155731311-4191155002-1001\$i1ld8bi
c:\$recycle.bin\s-1-5-21-2537312770-3155731311-4191155002-1001\$irjgnxm
c:\$recycle.bin\s-1-5-21-2537312770-3155731311-4191155002-1001\$irp9buw
c:\$recycle.bin\s-1-5-21-2537312770-3155731311-4191155002-1001\$ii9vzhj
c:\$recycle.bin\s-1-5-21-2537312770-3155731311-4191155002-1001\$irkax2d
c:\$recycle.bin\s-1-5-21-2537312770-3155731311-4191155002-1001\$i1upae6
c:\$recycle.bin\s-1-5-21-2537312770-3155731311-4191155002-1001\$icsh8bi
e:\engine source\ditto\ditto\ditto\x64\debug\resource.obj
c:\$recycle.bin\s-1-5-21-2537312770-3155731311-4191155002-1001\$igiwo5t
c:\$recycle.bin\s-1-5-21-2537312770-3155731311-4191155002-1001\$ihtpsno
c:\$recycle.bin\s-1-5-21-2537312770-3155731311-4191155002-1001\$ip0wp70
c:\$recycle.bin\s-1-5-21-2537312770-3155731311-4191155002-1001\$iy6ida2
c:\$recycle.bin\s-1-5-21-2537312770-3155731311-4191155002-1001\$isgud44
c:\$recycle.bin\s-1-5-21-2537312770-3155731311-4191155002-1001\$iqvqe35
e:\engine source\ditto\ditto\ditto\x64\debug\threadpool.obj
c:\$recycle.bin\s-1-5-21-2537312770-3155731311-4191155002-1001\$is31nx9
c:\$recycle.bin\s-1-5-21-2537312770-3155731311-4191155002-1001\$i78xa4l
c:\$recycle.bin\s-1-5-21-2537312770-3155731311-4191155002-1001\$ic3of5m
c:\$recycle.bin\s-1-5-21-2537312770-3155731311-4191155002-1001\$iog2y4o
c:\$recycle.bin\s-1-5-21-2537312770-3155731311-4191155002-1001\$i3sd3fr
c:\$recycle.bin\s-1-5-21-2537312770-3155731311-4191155002-1001\$im4rrnx
e:\engine source\ditto\ditto\ditto\x64\debug\physics.obj
c:\$recycle.bin\s-1-5-21-2537312770-3155731311-4191155002-1001\$idg0alt
c:\$recycle.bin\s-1-5-21-2537312770-3155731311-4191155002-1001\$irsqmws
c:\$recycle.bin\s-1-5-21-2537312770-3155731311-4191155002-1001\$i9vmvt0
c:\$recycle.bin\s-1-5-21-2537312770-3155731311-4191155002-1001\$ikfkpfz
c:\$recycle.bin\s-1-5-21-2537312770-3155731311-4191155002-1001\$ilsm0nk
c:\$recycle.bin\s-1-5-21-2537312770-3155731311-4191155002-1001\$i3haxld
e:\engine source\ditto\ditto\ditto\x64\debug\parallelphysicsbarrier.obj
c:\$recycle.bin\s-1-5-21-2537312770-3155731311-4191155002-1001\$izr3b9p
c:\$recycle.bin\s-1-5-21-2537312770-3155731311-4191155002-1001\$iuqtpsn
c:\$recycle.bin\s-1-5-21-2537312770-3155731311-4191155002-1001\$i61lmo5
c:\$recycle.bin\s-1-5-21-2537312770-3155731311-4191155002-1001\$ia7nyge
c:\$recycle.bin\s-1-5-21-2537312770-3155731311-4191155002-1001\$isvajqw
c:\$recycle.bin\s-1-5-21-2537312770-3155731311-4191155002-1001\$ib9cdt6
e:\engine source\ditto\ditto\ditto\x64\debug\parallelphysics.obj
c:\$recycle.bin\s-1-5-21-2537312770-3155731311-4191155002-1001\$i9xfqf4
c:\$recycle.bin\s-1-5-21-2537312770-3155731311-4191155002-1001\$ij0wlg9
c:\$recycle.bin\s-1-5-21-2537312770-3155731311-4191155002-1001\$iqwq0hy
c:\$recycle.bin\s-1-5-21-2537312770-3155731311-4191155002-1001\$ige94ci
c:\$recycle.bin\s-1-5-21-2537312770-3155731311-4191155002-1001\$ih9t0yz
c:\$recycle.bin\s-1-5-21-2537312770-3155731311-4191155002-1001\$i2fjrsu
e:\engine source\ditto\ditto\ditto\x64\debug\gjk.obj
c:\$recycle.bin\s-1-5-21-2537312770-3155731311-4191155002-1001\$i48z520
c:\$recycle.bin\s-1-5-21-2537312770-3155731311-4191155002-1001\$izcl89m
c:\$recycle.bin\s-1-5-21-2537312770-3155731311-4191155002-1001\$ijph3t7
c:\$recycle.bin\s-1-5-21-2537312770-3155731311-4191155002-1001\$ib0grxx
c:\$recycle.bin\s-1-5-21-2537312770-3155731311-4191155002-1001\$iqlola7
c:\$recycle.bin\s-1-5-21-2537312770-3155731311-4191155002-1001\$irk9avy
e:\engine source\ditto\ditto\ditto\x64\debug\computephysics.obj
c:\$recycle.bin\s-1-5-21-2537312770-3155731311-4191155002-1001\$i19lrt9
c:\$recycle.bin\s-1-5-21-2537312770-3155731311-4191155002-1001\$izdt0kl
c:\$recycle.bin\s-1-5-21-2537312770-3155731311-4191155002-1001\$ibtw0on
c:\$recycle.bin\s-1-5-21-2537312770-3155731311-4191155002-1001\$i2eix8c
c:\$recycle.bin\s-1-5-21-2537312770-3155731311-4191155002-1001\$iqacv4y
c:\$recycle.bin\s-1-5-21-2537312770-3155731311-4191155002-1001\$if7rega
e:\engine source\ditto\ditto\ditto\x64\debug\collisionshape.obj
c:\$recycle.bin\s-1-5-21-2537312770-3155731311-4191155002-1001\$ixuwow6
c:\$recycle.bin\s-1-5-21-2537312770-3155731311-4191155002-1001\$is3jsg2
c:\$recycle.bin\s-1-5-21-2537312770-3155731311-4191155002-1001\$iua6uqn
c:\$recycle.bin\s-1-5-21-2537312770-3155731311-4191155002-1001\$imztsx8
c:\$recycle.bin\s-1-5-21-2537312770-3155731311-4191155002-1001\$ir0yvxg
c:\$recycle.bin\s-1-5-21-2537312770-3155731311-4191155002-1001\$i3hvafp
e:\engine source\ditto\ditto\ditto\x64\debug\main.obj
c:\$recycle.bin\s-1-5-21-2537312770-3155731311-4191155002-1001\$itgnaz0
c:\$recycle.bin\s-1-5-21-2537312770-3155731311-4191155002-1001\$idabz8m
c:\$recycle.bin\s-1-5-21-2537312770-3155731311-4191155002-1001\$ivlbbal
c:\$recycle.bin\s-1-5-21-2537312770-3155731311-4191155002-1001\$in85xhh
c:\$recycle.bin\s-1-5-21-2537312770-3155731311-4191155002-1001\$inzdlcf
c:\$recycle.bin\s-1-5-21-2537312770-3155731311-4191155002-1001\$ifd6v5c
e:\engine source\ditto\ditto\ditto\x64\debug\shader.obj
c:\$recycle.bin\s-1-5-21-2537312770-3155731311-4191155002-1001\$ikrltzc
c:\$recycle.bin\s-1-5-21-2537312770-3155731311-4191155002-1001\$i19522b
c:\$recycle.bin\s-1-5-21-2537312770-3155731311-4191155002-1001\$iyhjhd7
c:\$recycle.bin\s-1-5-21-2537312770-3155731311-4191155002-1001\$izcz3yr
c:\$recycle.bin\s-1-5-21-2537312770-3155731311-4191155002-1001\$igt9j95
c:\$recycle.bin\s-1-5-21-2537312770-3155731311-4191155002-1001\$ivmzqei
c:\$recycle.bin\s-1-5-21-2537312770-3155731311-4191155002-1001\$id1y2bs
c:\$recycle.bin\s-1-5-21-2537312770-3155731311-4191155002-1001\$iaebo2y
c:\$recycle.bin\s-1-5-21-2537312770-3155731311-4191155002-1001\$iuvkm0t
c:\$recycle.bin\s-1-5-21-2537312770-3155731311-4191155002-1001\$ih51es2
c:\$recycle.bin\s-1-5-21-2537312770-3155731311-4191155002-1001\$izyy92p
c:\$recycle.bin\s-1-5-21-2537312770-3155731311-4191155002-1001\$iegubfz
c:\$recycle.bin\s-1-5-21-2537312770-3155731311-4191155002-1001\$isx8n29
c:\$recycle.bin\s-1-5-21-2537312770-3155731311-4191155002-1001\$ia6kt2f
c:\$recycle.bin\s-1-5-21-2537312770-3155731311-4191155002-1001\$i76iaqh
c:\$recycle.bin\s-1-5-21-2537312770-3155731311-4191155002-1001\$ih7ietg
c:\$recycle.bin\s-1-5-21-2537312770-3155731311-4191155002-1001\$ie75m1p
c:\$recycle.bin\s-1-5-21-2537312770-3155731311-4191155002-1001\$irkv666
c:\$recycle.bin\s-1-5-21-2537312770-3155731311-4191155002-1001\$i0ovk55
c:\$recycle.bin\s-1-5-21-2537312770-3155731311-4191155002-1001\$iwgu2z7
c:\$recycle.bin\s-1-5-21-2537312770-3155731311-4191155002-1001\$iwowdjo
c:\$recycle.bin\s-1-5-21-2537312770-3155731311-4191155002-1001\$infl62m
c:\$recycle.bin\s-1-5-21-2537312770-3155731311-4191155002-1001\$ibfvzw2
c:\$recycle.bin\s-1-5-21-2537312770-3155731311-4191155002-1001\$idwyjf3
c:\$recycle.bin\s-1-5-21-2537312770-3155731311-4191155002-1001\$i6j5lkm
c:\$recycle.bin\s-1-5-21-2537312770-3155731311-4191155002-1001\$i6ozfoj
c:\$recycle.bin\s-1-5-21-2537312770-3155731311-4191155002-1001\$iin33b6
c:\$recycle.bin\s-1-5-21-2537312770-3155731311-4191155002-1001\$ih89yof
c:\$recycle.bin\s-1-5-21-2537312770-3155731311-4191155002-1001\$igylii6
e:\engine source\ditto\ditto\ditto\x64\debug\inspectorwindow.obj
c:\$recycle.bin\s-1-5-21-2537312770-3155731311-4191155002-1001\$iu738jw
c:\$recycle.bin\s-1-5-21-2537312770-3155731311-4191155002-1001\$isxwtts
c:\$recycle.bin\s-1-5-21-2537312770-3155731311-4191155002-1001\$idchj43
c:\$recycle.bin\s-1-5-21-2537312770-3155731311-4191155002-1001\$i1wq3y0
c:\$recycle.bin\s-1-5-21-2537312770-3155731311-4191155002-1001\$iaj07uv
c:\$recycle.bin\s-1-5-21-2537312770-3155731311-4191155002-1001\$iu0uux6
c:\$recycle.bin\s-1-5-21-2537312770-3155731311-4191155002-1001\$iy4pg5v
c:\$recycle.bin\s-1-5-21-2537312770-3155731311-4191155002-1001\$i2todfy
c:\$recycle.bin\s-1-5-21-2537312770-3155731311-4191155002-1001\$i8j4vj9
c:\$recycle.bin\s-1-5-21-2537312770-3155731311-4191155002-1001\$ig0ogf1
c:\$recycle.bin\s-1-5-21-2537312770-3155731311-4191155002-1001\$imj3242
c:\$recycle.bin\s-1-5-21-2537312770-3155731311-4191155002-1001\$i7j5y9i
c:\$recycle.bin\s-1-5-21-2537312770-3155731311-4191155002-1001\$ikvymgf
c:\$recycle.bin\s-1-5-21-2537312770-3155731311-4191155002-1001\$idpf2df
c:\$recycle.bin\s-1-5-21-2537312770-3155731311-4191155002-1001\$il1vymm
c:\$recycle.bin\s-1-5-21-2537312770-3155731311-4191155002-1001\$ijzja8s
c:\$recycle.bin\s-1-5-21-2537312770-3155731311-4191155002-1001\$i00kdkb
c:\$recycle.bin\s-1-5-21-2537312770-3155731311-4191155002-1001\$iy8egdv
c:\$recycle.bin\s-1-5-21-2537312770-3155731311-4191155002-1001\$iz6zo91
c:\$recycle.bin\s-1-5-21-2537312770-3155731311-4191155002-1001\$iq2qbjs
c:\$recycle.bin\s-1-5-21-2537312770-3155731311-4191155002-1001\$icf6str
c:\$recycle.bin\s-1-5-21-2537312770-3155731311-4191155002-1001\$ikoyykf
c:\$recycle.bin\s-1-5-21-2537312770-3155731311-4191155002-1001\$ilvsr2m
c:\$recycle.bin\s-1-5-21-2537312770-3155731311-4191155002-1001\$ish4zu8
c:\$recycle.bin\s-1-5-21-2537312770-3155731311-4191155002-1001\$ir7d8a8
c:\$recycle.bin\s-1-5-21-2537312770-3155731311-4191155002-1001\$i5efviz
e:\engine source\ditto\ditto\ditto\x64\debug\glm.cppm.ifc
e:\engine source\ditto\ditto\ditto\x64\debug\glm.cppm.ifc.d.json
c:\$recycle.bin\s-1-5-21-2537312770-3155731311-4191155002-1001\$iomxs2r
e:\engine source\ditto\ditto\ditto\x64\debug\glm.cppm.obj
c:\$recycle.bin\s-1-5-21-2537312770-3155731311-4191155002-1001\$iomev21
c:\$recycle.bin\s-1-5-21-2537312770-3155731311-4191155002-1001\$iliunlp
c:\$recycle.bin\s-1-5-21-2537312770-3155731311-4191155002-1001\$ix0k3s9
c:\$recycle.bin\s-1-5-21-2537312770-3155731311-4191155002-1001\$iylxbxc
c:\$recycle.bin\s-1-5-21-2537312770-3155731311-4191155002-1001\$ifap10q
c:\$recycle.bin\s-1-5-21-2537312770-3155731311-4191155002-1001\$iq8vw3w
c:\$recycle.bin\s-1-5-21-2537312770-3155731311-4191155002-1001\$ii1ev2j
c:\$recycle.bin\s-1-5-21-2537312770-3155731311-4191155002-1001\$iksg1o3
c:\$recycle.bin\s-1-5-21-2537312770-3155731311-4191155002-1001\$ijh6nt7
c:\$recycle.bin\s-1-5-21-2537312770-3155731311-4191155002-1001\$i7o6g0n
c:\$recycle.bin\s-1-5-21-2537312770-3155731311-4191155002-1001\$iac6wse
c:\$recycle.bin\s-1-5-21-2537312770-3155731311-4191155002-1001\$ik53gwp
c:\$recycle.bin\s-1-5-21-2537312770-3155731311-4191155002-1001\$id2c1bl
c:\$recycle.bin\s-1-5-21-2537312770-3155731311-4191155002-1001\$ircybjo
c:\$recycle.bin\s-1-5-21-2537312770-3155731311-4191155002-1001\$ijprcng
c:\$recycle.bin\s-1-5-21-2537312770-3155731311-4191155002-1001\$ie2ujb7
c:\$recycle.bin\s-1-5-21-2537312770-3155731311-4191155002-1001\$i7q455w
c:\$recycle.bin\s-1-5-21-2537312770-3155731311-4191155002-1001\$ir1mz6j
c:\$recycle.bin\s-1-5-21-2537312770-3155731311-4191155002-1001\$incshk8
c:\$recycle.bin\s-1-5-21-2537312770-3155731311-4191155002-1001\$i10e7ks
c:\$recycle.bin\s-1-5-21-2537312770-3155731311-4191155002-1001\$i11ib8w
c:\$recycle.bin\s-1-5-21-2537312770-3155731311-4191155002-1001\$i3ohyvk
c:\$recycle.bin\s-1-5-21-2537312770-3155731311-4191155002-1001\$iza822h
c:\$recycle.bin\s-1-5-21-2537312770-3155731311-4191155002-1001\$iqjpm4q
c:\$recycle.bin\s-1-5-21-2537312770-3155731311-4191155002-1001\$ij5y47c
c:\$recycle.bin\s-1-5-21-2537312770-3155731311-4191155002-1001\$iieipn8
c:\$recycle.bin\s-1-5-21-2537312770-3155731311-4191155002-1001\$i3e3ypc
c:\$recycle.bin\s-1-5-21-2537312770-3155731311-4191155002-1001\$i57r91o
c:\$recycle.bin\s-1-5-21-2537312770-3155731311-4191155002-1001\$if9vzzh
c:\$recycle.bin\s-1-5-21-2537312770-3155731311-4191155002-1001\$i5fieik
c:\$recycle.bin\s-1-5-21-2537312770-3155731311-4191155002-1001\$i9fj4pd
c:\$recycle.bin\s-1-5-21-2537312770-3155731311-4191155002-1001\$iqcrvfr
c:\$recycle.bin\s-1-5-21-2537312770-3155731311-4191155002-1001\$inj61d3
c:\$recycle.bin\s-1-5-21-2537312770-3155731311-4191155002-1001\$iymnq4b
c:\$recycle.bin\s-1-5-21-2537312770-3155731311-4191155002-1001\$ia9be69
c:\$recycle.bin\s-1-5-21-2537312770-3155731311-4191155002-1001\$ici6m73
c:\$recycle.bin\s-1-5-21-2537312770-3155731311-4191155002-1001\$iie24te
c:\$recycle.bin\s-1-5-21-2537312770-3155731311-4191155002-1001\$iljocuj
c:\$recycle.bin\s-1-5-21-2537312770-3155731311-4191155002-1001\$iiv7axy
c:\$recycle.bin\s-1-5-21-2537312770-3155731311-4191155002-1001\$irgcvtd
c:\$recycle.bin\s-1-5-21-2537312770-3155731311-4191155002-1001\$iy8ar3d
c:\$recycle.bin\s-1-5-21-2537312770-3155731311-4191155002-1001\$iyf685v
c:\$recycle.bin\s-1-5-21-2537312770-3155731311-4191155002-1001\$iqixnue
c:\$recycle.bin\s-1-5-21-2537312770-3155731311-4191155002-1001\$irknvso
c:\$recycle.bin\s-1-5-21-2537312770-3155731311-4191155002-1001\$iszmqbs
c:\$recycle.bin\s-1-5-21-2537312770-3155731311-4191155002-1001\$i1ngt6t
c:\$recycle.bin\s-1-5-21-2537312770-3155731311-4191155002-1001\$i8xccv1
c:\$recycle.bin\s-1-5-21-2537312770-3155731311-4191155002-1001\$ilevfny
c:\$recycle.bin\s-1-5-21-2537312770-3155731311-4191155002-1001\$iq1lbej
c:\$recycle.bin\s-1-5-21-2537312770-3155731311-4191155002-1001\$iepoozc
c:\$recycle.bin\s-1-5-21-2537312770-3155731311-4191155002-1001\$ilg7zy1
c:\$recycle.bin\s-1-5-21-2537312770-3155731311-4191155002-1001\$i6zk81i
c:\$recycle.bin\s-1-5-21-2537312770-3155731311-4191155002-1001\$idw5n1e
c:\$recycle.bin\s-1-5-21-2537312770-3155731311-4191155002-1001\$i4ay448
c:\$recycle.bin\s-1-5-21-2537312770-3155731311-4191155002-1001\$i6r0br9
c:\$recycle.bin\s-1-5-21-2537312770-3155731311-4191155002-1001\$il47v7z
c:\$recycle.bin\s-1-5-21-2537312770-3155731311-4191155002-1001\$ilziktl
c:\$recycle.bin\s-1-5-21-2537312770-3155731311-4191155002-1001\$ioumn5a
c:\$recycle.bin\s-1-5-21-2537312770-3155731311-4191155002-1001\$igdolqc
c:\$recycle.bin\s-1-5-21-2537312770-3155731311-4191155002-1001\$i5gzedj
c:\$recycle.bin\s-1-5-21-2537312770-3155731311-4191155002-1001\$iqt7tq1
c:\$recycle.bin\s-1-5-21-2537312770-3155731311-4191155002-1001\$icxx70s
c:\$recycle.bin\s-1-5-21-2537312770-3155731311-4191155002-1001\$idl2sep
c:\$recycle.bin\s-1-5-21-2537312770-3155731311-4191155002-1001\$iooppqw
c:\$recycle.bin\s-1-5-21-2537312770-3155731311-4191155002-1001\$i4fs0a7
c:\$recycle.bin\s-1-5-21-2537312770-3155731311-4191155002-1001\$ik0inpt
c:\$recycle.bin\s-1-5-21-2537312770-3155731311-4191155002-1001\$inbs3pe
c:\$recycle.bin\s-1-5-21-2537312770-3155731311-4191155002-1001\$i0vfs9e
c:\$recycle.bin\s-1-5-21-2537312770-3155731311-4191155002-1001\$ijus01v
c:\$recycle.bin\s-1-5-21-2537312770-3155731311-4191155002-1001\$ifdyi7i
c:\$recycle.bin\s-1-5-21-2537312770-3155731311-4191155002-1001\$ij1gtki
c:\$recycle.bin\s-1-5-21-2537312770-3155731311-4191155002-1001\$i84z3do
c:\$recycle.bin\s-1-5-21-2537312770-3155731311-4191155002-1001\$ilwcl3q
c:\$recycle.bin\s-1-5-21-2537312770-3155731311-4191155002-1001\$invzk2r
c:\$recycle.bin\s-1-5-21-2537312770-3155731311-4191155002-1001\$izakz3y
c:\$recycle.bin\s-1-5-21-2537312770-3155731311-4191155002-1001\$ifk8bgd
c:\$recycle.bin\s-1-5-21-2537312770-3155731311-4191155002-1001\$igjnfch
c:\$recycle.bin\s-1-5-21-2537312770-3155731311-4191155002-1001\$i0154f0
c:\$recycle.bin\s-1-5-21-2537312770-3155731311-4191155002-1001\$ix41s4r
c:\$recycle.bin\s-1-5-21-2537312770-3155731311-4191155002-1001\$i387i8v
c:\$recycle.bin\s-1-5-21-2537312770-3155731311-4191155002-1001\$indze6m
c:\$recycle.bin\s-1-5-21-2537312770-3155731311-4191155002-1001\$imgnp5b
c:\$recycle.bin\s-1-5-21-2537312770-3155731311-4191155002-1001\$is7df1n
c:\$recycle.bin\s-1-5-21-2537312770-3155731311-4191155002-1001\$inmphan
c:\$recycle.bin\s-1-5-21-2537312770-3155731311-4191155002-1001\$iwmgb5a
c:\$recycle.bin\s-1-5-21-2537312770-3155731311-4191155002-1001\$iumr1hr
c:\$recycle.bin\s-1-5-21-2537312770-3155731311-4191155002-1001\$i2h5hvv
c:\$recycle.bin\s-1-5-21-2537312770-3155731311-4191155002-1001\$iw7v2g6
c:\$recycle.bin\s-1-5-21-2537312770-3155731311-4191155002-1001\$iqb3ukk
c:\$recycle.bin\s-1-5-21-2537312770-3155731311-4191155002-1001\$iphp1ib
c:\$recycle.bin\s-1-5-21-2537312770-3155731311-4191155002-1001\$ij3oya6
c:\$recycle.bin\s-1-5-21-2537312770-3155731311-4191155002-1001\$ilbitt5
c:\$recycle.bin\s-1-5-21-2537312770-3155731311-4191155002-1001\$i6upel2
c:\$recycle.bin\s-1-5-21-2537312770-3155731311-4191155002-1001\$ijnsgys
c:\$recycle.bin\s-1-5-21-2537312770-3155731311-4191155002-1001\$iqeq9kp
c:\$recycle.bin\s-1-5-21-2537312770-3155731311-4191155002-1001\$izm2sk2
c:\$recycle.bin\s-1-5-21-2537312770-3155731311-4191155002-1001\$ificd0l
c:\$recycle.bin\s-1-5-21-2537312770-3155731311-4191155002-1001\$iv021j0
c:\$recycle.bin\s-1-5-21-2537312770-3155731311-4191155002-1001\$ioj0t7r
c:\$recycle.bin\s-1-5-21-2537312770-3155731311-4191155002-1001\$inechl7
c:\$recycle.bin\s-1-5-21-2537312770-3155731311-4191155002-1001\$iiuzhmp
c:\$recycle.bin\s-1-5-21-2537312770-3155731311-4191155002-1001\$iwctdlr
c:\$recycle.bin\s-1-5-21-2537312770-3155731311-4191155002-1001\$iketoh9
c:\$recycle.bin\s-1-5-21-2537312770-3155731311-4191155002-1001\$iixjbjj
c:\$recycle.bin\s-1-5-21-2537312770-3155731311-4191155002-1001\$igwv1xo
c:\$recycle.bin\s-1-5-21-2537312770-3155731311-4191155002-1001\$irfagl4
c:\$recycle.bin\s-1-5-21-2537312770-3155731311-4191155002-1001\$iy4zr9a
c:\$recycle.bin\s-1-5-21-2537312770-3155731311-4191155002-1001\$ifjrk68
c:\$recycle.bin\s-1-5-21-2537312770-3155731311-4191155002-1001\$i0gqesl
c:\$recycle.bin\s-1-5-21-2537312770-3155731311-4191155002-1001\$iyf6g4e
c:\$recycle.bin\s-1-5-21-2537312770-3155731311-4191155002-1001\$i86mpln
c:\$recycle.bin\s-1-5-21-2537312770-3155731311-4191155002-1001\$ibanebx
c:\$recycle.bin\s-1-5-21-2537312770-3155731311-4191155002-1001\$iccfqgx
c:\$recycle.bin\s-1-5-21-2537312770-3155731311-4191155002-1001\$ijsgl51
c:\$recycle.bin\s-1-5-21-2537312770-3155731311-4191155002-1001\$i0elb3u
c:\$recycle.bin\s-1-5-21-2537312770-3155731311-4191155002-1001\$iefcptx
c:\$recycle.bin\s-1-5-21-2537312770-3155731311-4191155002-1001\$i50ge4b
c:\$recycle.bin\s-1-5-21-2537312770-3155731311-4191155002-1001\$ixf0uyu
c:\$recycle.bin\s-1-5-21-2537312770-3155731311-4191155002-1001\$isg68e5
c:\$recycle.bin\s-1-5-21-2537312770-3155731311-4191155002-1001\$iortxuc
c:\$recycle.bin\s-1-5-21-2537312770-3155731311-4191155002-1001\$iak7m0m
c:\$recycle.bin\s-1-5-21-2537312770-3155731311-4191155002-1001\$i1qipy2
c:\$recycle.bin\s-1-5-21-2537312770-3155731311-4191155002-1001\$ioimsf6
c:\$recycle.bin\s-1-5-21-2537312770-3155731311-4191155002-1001\$ia795j6
c:\$recycle.bin\s-1-5-21-2537312770-3155731311-4191155002-1001\$ilwptxr
c:\$recycle.bin\s-1-5-21-2537312770-3155731311-4191155002-1001\$iy1y14q
c:\$recycle.bin\s-1-5-21-2537312770-3155731311-4191155002-1001\$ixik045
c:\$recycle.bin\s-1-5-21-2537312770-3155731311-4191155002-1001\$igwflf7
c:\$recycle.bin\s-1-5-21-2537312770-3155731311-4191155002-1001\$iqfbipi
c:\$recycle.bin\s-1-5-21-2537312770-3155731311-4191155002-1001\$id948rc
c:\$recycle.bin\s-1-5-21-2537312770-3155731311-4191155002-1001\$i18w5mr
c:\$recycle.bin\s-1-5-21-2537312770-3155731311-4191155002-1001\$iaud5nn
c:\$recycle.bin\s-1-5-21-2537312770-3155731311-4191155002-1001\$i4hqp92
c:\$recycle.bin\s-1-5-21-2537312770-3155731311-4191155002-1001\$ivj7tf0
c:\$recycle.bin\s-1-5-21-2537312770-3155731311-4191155002-1001\$ic6ohk7
c:\$recycle.bin\s-1-5-21-2537312770-3155731311-4191155002-1001\$iszk7p3
c:\$recycle.bin\s-1-5-21-2537312770-3155731311-4191155002-1001\$iav9fgm
c:\$recycle.bin\s-1-5-21-2537312770-3155731311-4191155002-1001\$iaek4zr
c:\$recycle.bin\s-1-5-21-2537312770-3155731311-4191155002-1001\$i35iylw
c:\$recycle.bin\s-1-5-21-2537312770-3155731311-4191155002-1001\$itrow6i
c:\$recycle.bin\s-1-5-21-2537312770-3155731311-4191155002-1001\$ib2hxfh
c:\$recycle.bin\s-1-5-21-2537312770-3155731311-4191155002-1001\$in39nds
c:\$recycle.bin\s-1-5-21-2537312770-3155731311-4191155002-1001\$iknsaee
c:\$recycle.bin\s-1-5-21-2537312770-3155731311-4191155002-1001\$ierbzp5
c:\$recycle.bin\s-1-5-21-2537312770-3155731311-4191155002-1001\$ifetkmh
c:\$recycle.bin\s-1-5-21-2537312770-3155731311-4191155002-1001\$i1qs0a3
c:\$recycle.bin\s-1-5-21-2537312770-3155731311-4191155002-1001\$i999il1
c:\$recycle.bin\s-1-5-21-2537312770-3155731311-4191155002-1001\$iuclbmv
c:\$recycle.bin\s-1-5-21-2537312770-3155731311-4191155002-1001\$i3i7gfx
c:\$recycle.bin\s-1-5-21-2537312770-3155731311-4191155002-1001\$iwzitxv
c:\$recycle.bin\s-1-5-21-2537312770-3155731311-4191155002-1001\$ilifukr
c:\$recycle.bin\s-1-5-21-2537312770-3155731311-4191155002-1001\$i1ei9lc
c:\$recycle.bin\s-1-5-21-2537312770-3155731311-4191155002-1001\$iscpd8a
c:\$recycle.bin\s-1-5-21-2537312770-3155731311-4191155002-1001\$ixxp2we
c:\$recycle.bin\s-1-5-21-2537312770-3155731311-4191155002-1001\$izvkcp6
c:\$recycle.bin\s-1-5-21-2537312770-3155731311-4191155002-1001\$iznpxw2
c:\$recycle.bin\s-1-5-21-2537312770-3155731311-4191155002-1001\$i588ru6
c:\$recycle.bin\s-1-5-21-2537312770-3155731311-4191155002-1001\$icz95gs
c:\$recycle.bin\s-1-5-21-2537312770-3155731311-4191155002-1001\$itiuksl
c:\$recycle.bin\s-1-5-21-2537312770-3155731311-4191155002-1001\$i87gbul
c:\$recycle.bin\s-1-5-21-2537312770-3155731311-4191155002-1001\$ij9fef1
c:\$recycle.bin\s-1-5-21-2537312770-3155731311-4191155002-1001\$ivobr8j
c:\$recycle.bin\s-1-5-21-2537312770-3155731311-4191155002-1001\$i5ep7hr
c:\$recycle.bin\s-1-5-21-2537312770-3155731311-4191155002-1001\$ilffz31
c:\$recycle.bin\s-1-5-21-2537312770-3155731311-4191155002-1001\$icfcf9o
c:\$recycle.bin\s-1-5-21-2537312770-3155731311-4191155002-1001\$ic3t3yu
c:\$recycle.bin\s-1-5-21-2537312770-3155731311-4191155002-1001\$idzeo4k
c:\$recycle.bin\s-1-5-21-2537312770-3155731311-4191155002-1001\$i82yu8k
c:\$recycle.bin\s-1-5-21-2537312770-3155731311-4191155002-1001\$iu7gzib
c:\$recycle.bin\s-1-5-21-2537312770-3155731311-4191155002-1001\$i7rrf6e
c:\$recycle.bin\s-1-5-21-2537312770-3155731311-4191155002-1001\$i0qlyi5
c:\$recycle.bin\s-1-5-21-2537312770-3155731311-4191155002-1001\$iqfbhcm
c:\$recycle.bin\s-1-5-21-2537312770-3155731311-4191155002-1001\$i10fo34
c:\$recycle.bin\s-1-5-21-2537312770-3155731311-4191155002-1001\$iqcl8b3
c:\$recycle.bin\s-1-5-21-2537312770-3155731311-4191155002-1001\$iyz0eu4
c:\$recycle.bin\s-1-5-21-2537312770-3155731311-4191155002-1001\$ikqh6g3
c:\$recycle.bin\s-1-5-21-2537312770-3155731311-4191155002-1001\$i8q3jl2
c:\$recycle.bin\s-1-5-21-2537312770-3155731311-4191155002-1001\$ii7ds59
c:\$recycle.bin\s-1-5-21-2537312770-3155731311-4191155002-1001\$ifmnr0n
c:\$recycle.bin\s-1-5-21-2537312770-3155731311-4191155002-1001\$ibesljv
c:\$recycle.bin\s-1-5-21-2537312770-3155731311-4191155002-1001\$i4fb8bk
c:\$recycle.bin\s-1-5-21-2537312770-3155731311-4191155002-1001\$iv0q049
c:\$recycle.bin\s-1-5-21-2537312770-3155731311-4191155002-1001\$ix2tgdz
c:\$recycle.bin\s-1-5-21-2537312770-3155731311-4191155002-1001\$ispgb37
c:\$recycle.bin\s-1-5-21-2537312770-3155731311-4191155002-1001\$iyqhs4j
c:\$recycle.bin\s-1-5-21-2537312770-3155731311-4191155002-1001\$i89rrxx
c:\$recycle.bin\s-1-5-21-2537312770-3155731311-4191155002-1001\$ifsdb9v
c:\$recycle.bin\s-1-5-21-2537312770-3155731311-4191155002-1001\$igzxzfi
c:\$recycle.bin\s-1-5-21-2537312770-3155731311-4191155002-1001\$iairox5
c:\$recycle.bin\s-1-5-21-2537312770-3155731311-4191155002-1001\$ivq51rm
c:\$recycle.bin\s-1-5-21-2537312770-3155731311-4191155002-1001\$i8dsb92
c:\$recycle.bin\s-1-5-21-2537312770-3155731311-4191155002-1001\$igvrz5k
c:\$recycle.bin\s-1-5-21-2537312770-3155731311-4191155002-1001\$iopg71w
c:\$recycle.bin\s-1-5-21-2537312770-3155731311-4191155002-1001\$i17rnl4
c:\$recycle.bin\s-1-5-21-2537312770-3155731311-4191155002-1001\$i52ofln
c:\$recycle.bin\s-1-5-21-2537312770-3155731311-4191155002-1001\$i1rkymh
c:\$recycle.bin\s-1-5-21-2537312770-3155731311-4191155002-1001\$iowq4w8
c:\$recycle.bin\s-1-5-21-2537312770-3155731311-4191155002-1001\$i0ttta1
c:\$recycle.bin\s-1-5-21-2537312770-3155731311-4191155002-1001\$i7f7b2s
c:\$recycle.bin\s-1-5-21-2537312770-3155731311-4191155002-1001\$iq40b87
c:\$recycle.bin\s-1-5-21-2537312770-3155731311-4191155002-1001\$icsk9a3
c:\$recycle.bin\s-1-5-21-2537312770-3155731311-4191155002-1001\$i11qrc6
c:\$recycle.bin\s-1-5-21-2537312770-3155731311-4191155002-1001\$in9o51h
c:\$recycle.bin\s-1-5-21-2537312770-3155731311-4191155002-1001\$i87u94z
c:\$recycle.bin\s-1-5-21-2537312770-3155731311-4191155002-1001\$ivr5cvz
c:\$recycle.bin\s-1-5-21-2537312770-3155731311-4191155002-1001\$ilhx6qh
c:\$recycle.bin\s-1-5-21-2537312770-3155731311-4191155002-1001\$iibyyb1
c:\$recycle.bin\s-1-5-21-2537312770-3155731311-4191155002-1001\$iifvv1c
c:\$recycle.bin\s-1-5-21-2537312770-3155731311-4191155002-1001\$inwgzrn
c:\$recycle.bin\s-1-5-21-2537312770-3155731311-4191155002-1001\$i01atby
c:\$recycle.bin\s-1-5-21-2537312770-3155731311-4191155002-1001\$ix9pn7n
c:\$recycle.bin\s-1-5-21-2537312770-3155731311-4191155002-1001\$imb7we0
c:\$recycle.bin\s-1-5-21-2537312770-3155731311-4191155002-1001\$i0ddsvw
c:\$recycle.bin\s-1-5-21-2537312770-3155731311-4191155002-1001\$i1fu2z3
c:\$recycle.bin\s-1-5-21-2537312770-3155731311-4191155002-1001\$izhyojl
c:\$recycle.bin\s-1-5-21-2537312770-3155731311-4191155002-1001\$i1mhqt4
c:\$recycle.bin\s-1-5-21-2537312770-3155731311-4191155002-1001\$iw1kkqn
c:\$recycle.bin\s-1-5-21-2537312770-3155731311-4191155002-1001\$ir1x5r2
c:\$recycle.bin\s-1-5-21-2537312770-3155731311-4191155002-1001\$iwgyg34
c:\$recycle.bin\s-1-5-21-2537312770-3155731311-4191155002-1001\$ip2507z
c:\$recycle.bin\s-1-5-21-2537312770-3155731311-4191155002-1001\$ii8osmz
c:\$recycle.bin\s-1-5-21-2537312770-3155731311-4191155002-1001\$isxelyj
c:\$recycle.bin\s-1-5-21-2537312770-3155731311-4191155002-1001\$ijpqdb8
c:\$recycle.bin\s-1-5-21-2537312770-3155731311-4191155002-1001\$i0lxb5a
c:\$recycle.bin\s-1-5-21-2537312770-3155731311-4191155002-1001\$ijtuhhd
c:\$recycle.bin\s-1-5-21-2537312770-3155731311-4191155002-1001\$i3x1zxy
c:\$recycle.bin\s-1-5-21-2537312770-3155731311-4191155002-1001\$ib8uqoh
c:\$recycle.bin\s-1-5-21-2537312770-3155731311-4191155002-1001\$i6qsqhz
c:\$recycle.bin\s-1-5-21-2537312770-3155731311-4191155002-1001\$ihm7ik0
c:\$recycle.bin\s-1-5-21-2537312770-3155731311-4191155002-1001\$ig6yb7h
c:\$recycle.bin\s-1-5-21-2537312770-3155731311-4191155002-1001\$ihjp9wn
c:\$recycle.bin\s-1-5-21-2537312770-3155731311-4191155002-1001\$iez52of
c:\$recycle.bin\s-1-5-21-2537312770-3155731311-4191155002-1001\$idt7luc
c:\$recycle.bin\s-1-5-21-2537312770-3155731311-4191155002-1001\$i1bdm99
c:\$recycle.bin\s-1-5-21-2537312770-3155731311-4191155002-1001\$i9qlapr
c:\$recycle.bin\s-1-5-21-2537312770-3155731311-4191155002-1001\$i68aqb3
c:\$recycle.bin\s-1-5-21-2537312770-3155731311-4191155002-1001\$izlue45
c:\$recycle.bin\s-1-5-21-2537312770-3155731311-4191155002-1001\$inpb8lv
c:\$recycle.bin\s-1-5-21-2537312770-3155731311-4191155002-1001\$iacd1v7
c:\$recycle.bin\s-1-5-21-2537312770-3155731311-4191155002-1001\$ib9tty9
c:\$recycle.bin\s-1-5-21-2537312770-3155731311-4191155002-1001\$i6b7k3r
c:\$recycle.bin\s-1-5-21-2537312770-3155731311-4191155002-1001\$i275ssx
c:\$recycle.bin\s-1-5-21-2537312770-3155731311-4191155002-1001\$iaes9js
c:\$recycle.bin\s-1-5-21-2537312770-3155731311-4191155002-1001\$itqjldu
c:\$recycle.bin\s-1-5-21-2537312770-3155731311-4191155002-1001\$ia7et19
c:\$recycle.bin\s-1-5-21-2537312770-3155731311-4191155002-1001\$i6fl2q1
c:\$recycle.bin\s-1-5-21-2537312770-3155731311-4191155002-1001\$ikgs5p7
c:\$recycle.bin\s-1-5-21-2537312770-3155731311-4191155002-1001\$i05fxcs
c:\$recycle.bin\s-1-5-21-2537312770-3155731311-4191155002-1001\$idn92de
c:\$recycle.bin\s-1-5-21-2537312770-3155731311-4191155002-1001\$im4qilb
c:\$recycle.bin\s-1-5-21-2537312770-3155731311-4191155002-1001\$iiqr9x3
c:\$recycle.bin\s-1-5-21-2537312770-3155731311-4191155002-1001\$i6qy1xn
c:\$recycle.bin\s-1-5-21-2537312770-3155731311-4191155002-1001\$i9jfhzm
c:\$recycle.bin\s-1-5-21-2537312770-3155731311-4191155002-1001\$ih39bfd
c:\$recycle.bin\s-1-5-21-2537312770-3155731311-4191155002-1001\$i1op4ft
c:\$recycle.bin\s-1-5-21-2537312770-3155731311-4191155002-1001\$ikq4w5w
c:\$recycle.bin\s-1-5-21-2537312770-3155731311-4191155002-1001\$itw2cwg
c:\$recycle.bin\s-1-5-21-2537312770-3155731311-4191155002-1001\$ietr754
c:\$recycle.bin\s-1-5-21-2537312770-3155731311-4191155002-1001\$iibkg5f
c:\$recycle.bin\s-1-5-21-2537312770-3155731311-4191155002-1001\$il6jc3s
c:\$recycle.bin\s-1-5-21-2537312770-3155731311-4191155002-1001\$ichf6u6
c:\$recycle.bin\s-1-5-21-2537312770-3155731311-4191155002-1001\$itzzdrb
c:\$recycle.bin\s-1-5-21-2537312770-3155731311-4191155002-1001\$icqof99
c:\$recycle.bin\s-1-5-21-2537312770-3155731311-4191155002-1001\$itjsjob
c:\$recycle.bin\s-1-5-21-2537312770-3155731311-4191155002-1001\$ingmh22
c:\$recycle.bin\s-1-5-21-2537312770-3155731311-4191155002-1001\$iwn96re
c:\$recycle.bin\s-1-5-21-2537312770-3155731311-4191155002-1001\$ix2oxr4
e:\engine source\ditto\ditto\ditto\x64\debug\monoruntime.obj
c:\$recycle.bin\s-1-5-21-2537312770-3155731311-4191155002-1001\$i6xkcc0
c:\$recycle.bin\s-1-5-21-2537312770-3155731311-4191155002-1001\$ix3rjo7
c:\$recycle.bin\s-1-5-21-2537312770-3155731311-4191155002-1001\$icxtc3b
c:\$recycle.bin\s-1-5-21-2537312770-3155731311-4191155002-1001\$iru4tbd
c:\$recycle.bin\s-1-5-21-2537312770-3155731311-4191155002-1001\$in9aaqh
c:\$recycle.bin\s-1-5-21-2537312770-3155731311-4191155002-1001\$iswbd1v
e:\engine source\ditto\ditto\x64\debug\ditto.exe
c:\$recycle.bin\s-1-5-21-2537312770-3155731311-4191155002-1001\$i1zi71m.tmp
e:\engine source\ditto\ditto\x64\debug\ditto.pdb
e:\engine source\ditto\ditto\ditto\x64\debug\ditto.res
e:\$recycle.bin\s-1-5-21-2537312770-3155731311-4191155002-1001\$iy28boe
e:\$recycle.bin\s-1-5-21-2537312770-3155731311-4191155002-1001\$is74il9
e:\engine source\ditto\ditto\ditto\x64\debug\glm.cppm.module.json
c:\$recycle.bin\s-1-5-21-2537312770-3155731311-4191155002-1001\$idwllf8
e:\engine source\ditto\ditto\ditto\x64\debug\ditto.ilk
e:\engine source\ditto\ditto\ditto\x64\debug\ditto.tlog\cl.command.1.tlog
e:\engine source\ditto\ditto\ditto\x64\debug\ditto.tlog\cl.items.tlog
e:\engine source\ditto\ditto\ditto\x64\debug\ditto.tlog\cl.read.1.tlog
e:\engine source\ditto\ditto\ditto\x64\debug\ditto.tlog\cl.write.1.tlog
e:\engine source\ditto\ditto\ditto\x64\debug\ditto.tlog\link.command.1.tlog
e:\engine source\ditto\ditto\ditto\x64\debug\ditto.tlog\link.read.1.tlog
e:\engine source\ditto\ditto\ditto\x64\debug\ditto.tlog\link.secondary.1.tlog
e:\engine source\ditto\ditto\ditto\x64\debug\ditto.tlog\link.write.1.tlog
e:\engine source\ditto\ditto\ditto\x64\debug\ditto.tlog\rc.command.1.tlog
e:\engine source\ditto\ditto\ditto\x64\debug\ditto.tlog\rc.read.1.tlog
e:\engine source\ditto\ditto\ditto\x64\debug\ditto.tlog\rc.write.1.tlog
e:\engine source\ditto\ditto\ditto\x64\debug\ditto_md.tlog\cl.command.1.tlog
e:\engine source\ditto\ditto\ditto\x64\debug\ditto_md.tlog\microsoft.build.cpptasks.cl.read.1.tlog
e:\engine source\ditto\ditto\ditto\x64\debug\ditto_md.tlog\microsoft.build.cpptasks.cl.write.1.tlog
